> 9
9
> var s = Scenes[0];
OK.
> s
DynamicCodeTests.Scene1
> Evaluator.ListVars()
(null)
{interactive}(4,1): error CS0103: The name `Evaluator' does not exist in the current context

> Mono.CSharp.Evaluator.ListVars()
(null)
{interactive}(4,13): error CS0234: The type or namespace name `Evaluator' does not exist in the namespace `Mono.CSharp'. Are you missing an assembly reference?

> foreach (Entity e in s.Descendants) Console.WriteLine(e.ToString());
OK.
DynamicCodeTests.Tree1
JGL.Heirarchy.Mesh
JGL.Heirarchy.Mesh
DynamicCodeTests.WhiteLight
DynamicCodeTests.Origin
DynamicCodeTests.WhiteLight
DynamicCodeTests.Tree1
JGL.Heirarchy.Mesh
JGL.Heirarchy.Mesh
DynamicCodeTests.Tree1
JGL.Heirarchy.Mesh
JGL.Heirarchy.Mesh

> foreach (Entity e in s)
>  Console.WriteLine(e.ToString());
OK.
DynamicCodeTests.Tree1
DynamicCodeTests.WhiteLight
DynamicCodeTests.Origin
DynamicCodeTests.WhiteLight
DynamicCodeTests.Tree1
DynamicCodeTests.Tree1

> foreach (Entity e in s)
>  Console.WriteLine(e.ToString() + " " + e.Id);
OK.
DynamicCodeTests.Tree1 Scene1 #001.Tree1 #002
DynamicCodeTests.WhiteLight Scene1 #001.WhiteLight #002
DynamicCodeTests.Origin Scene1 #001.Origin
DynamicCodeTests.WhiteLight Scene1 #001.WhiteLight #001
DynamicCodeTests.Tree1 Scene1 #001.Tree1 #003
DynamicCodeTests.Tree1 Scene1 #001.Tree1 #001

> s.Name = "Scene1"
(null)
> s.Name
Scene1
> foreach (Entity e in s)
>  Console.WriteLine(e.ToString() + " " + e.Id);
OK.
DynamicCodeTests.Tree1 Scene1 #001.Tree1 #002
DynamicCodeTests.WhiteLight Scene1 #001.WhiteLight #002
DynamicCodeTests.Origin Scene1 #001.Origin
DynamicCodeTests.WhiteLight Scene1 #001.WhiteLight #001
DynamicCodeTests.Tree1 Scene1 #001.Tree1 #003
DynamicCodeTests.Tree1 Scene1 #001.Tree1 #001

> s.Name = "Scene1";
OK.
> foreach (Entity e in s)
>  Console.WriteLine(e.ToString() + " " + e.Id);
OK.
DynamicCodeTests.Tree1 Scene1 #001.Tree1 #002
DynamicCodeTests.WhiteLight Scene1 #001.WhiteLight #002
DynamicCodeTests.Origin Scene1 #001.Origin
DynamicCodeTests.WhiteLight Scene1 #001.WhiteLight #001
DynamicCodeTests.Tree1 Scene1 #001.Tree1 #003
DynamicCodeTests.Tree1 Scene1 #001.Tree1 #001

> s.Id = "Scene1";
OK.
{interactive}(4,3): error CS0200: Property or indexer `JGL.Heirarchy.Entity.Id' cannot be assigned to (it is read-only)

> s.Id
Scene1
> s[0].Name = "NewName";
OK.
> foreach (Entity e in s)
>  Console.WriteLine(e.ToString() + " " + e.Id);
OK.
DynamicCodeTests.WhiteLight Scene1 #001.WhiteLight #002
DynamicCodeTests.Origin Scene1 #001.Origin
DynamicCodeTests.WhiteLight Scene1 #001.WhiteLight #001
DynamicCodeTests.Tree1 Scene1 #001.Tree1 #003
DynamicCodeTests.Tree1 Scene1.NewName
DynamicCodeTests.Tree1 Scene1 #001.Tree1 #001


